id: brindlewood_trial
kind: interior
name: Brindlewood Trial Hall
floor: wood
wall: green
music: trial
battle: arena

layout:
WWWWWWWWWWWWWW
WWWwWWWWWWwWWW
..............
..............
......__......
......__......
......__......
......__......
......__......
......__......
......__......
......__......
......__......
......__......
......__......
......__......
......__......
......mm......
end

objects:
furn 1 2 banner
furn 12 2 banner
furn 5 2 statue
furn 8 2 statue
furn 3 6 plant
furn 10 6 plant
furn 3 10 plant
furn 10 10 plant
furn 3 14 plant
furn 10 14 plant
furn 0 16 plant
furn 13 16 plant
npc 4 12 id=bw_adept_1 sprite=lass face=right move=still trainer=bw_adept_1 sight=3
npc 9 8 id=bw_adept_2 sprite=ranger face=left move=still trainer=bw_adept_2 sight=3
npc 6 3 id=mossa sprite=mossa face=down move=still script=brindlewood_trial.warden
npc 9 15 id=brindlewood_trial_guide sprite=ace face=down move=still text="Hey, challenger! Warden Mossa's Morphs are Nature type. Fire burns them, and birds peck them to bits. Tide Morphs will struggle in here!"
furn 1 8 plant
furn 12 8 plant
furn 1 12 plant
furn 12 12 plant
