id: brindlewood_trial
kind: interior
name: Brindlewood Trial Hall
floor: wood
wall: green
music: trial
battle: arena
done: sigil_moss

layout:
WWWWWWWWWWWWWWWWW
WWWWWWWWWWWWWWWWW
........_........
.......___.......
hhhhhhhhh.hhhhhhh
h...............h
hhhhhhhhhhhhhhh.h
h...h.......h...h
h.h.h.hhhhh.h.hhh
h.h.....h...h.h.h
h.hhhhh.h.h.h.h.h
h.....h.h.h.....h
hhhhh.h.h.hhhhh.h
h.......h.......h
hhhhhhh.hhhhhhhhh
h......._.......h
.......mm........
end

objects:
npc 8 2 id=mossa sprite=mossa face=down move=still script=brindlewood_trial.warden
npc 6 9 id=bw_adept_1 sprite=lass face=left move=still trainer=bw_adept_1 sight=3 post=1
npc 12 11 id=bw_adept_2 sprite=ranger face=right move=still trainer=bw_adept_2 sight=3 post=1
npc 6 15 id=brindlewood_trial_guide sprite=ace face=down move=still text="Hey, challenger! Warden Mossa grew this hedge maze herself. Find your way to her! Her Morphs are Nature type — Fire burns them, and birds peck them to bits."
furn 0 2 plant
furn 16 2 plant
furn 6 2 statue
furn 10 2 statue
furn 0 15 plant
furn 16 15 plant
warp 10 15 to=brindlewood_trial:8,3 face=up cond=sigil_moss quiet=1
plate 10 15 on=sigil_moss onframe=warden_pad
warp 5 3 to=brindlewood_trial:7,15 face=down cond=sigil_moss quiet=1
plate 5 3 on=sigil_moss onframe=warden_pad
