id: coldforge_mines
kind: cave
name: Coldforge Mines
base: cave
music: cave
battle: cave
light: dark
enc_floor: 1
escape: route3:37,8

layout:
RRRRRRRRRRRRRRRRRRRRRRRRRRRRRRRRRRRRRRRR..RR
RRRRRRRRRRRRRRRRRRRRRRRRRRRRRRRRRRRRRRRR..RR
RRRRRRRRRRRRRRRRRRRRRRRRRRRRRRRRRR........RR
RRRRRRRRRR.............RRRRRRRRRRR........RR
RRRRRRRRRR.............RRRRRRRRRRR........RR
RRRRRRRRRR.............RRRRRRRRRRR........RR
RRRRRRRRRR.............RRRRRRRRRRRRRRR....RR
RRRRRRRRRR.............RRRRRRRRRRRRRRR....RR
RRRRRRRRRR...RRRRRRR.............RRRRR....RR
RRRRRRRRRR...RRRRRRR.............RRRRR....RR
RRRRRRRRRR...RRRRRRR.............RRRRR....RR
RRRRRRRRRR...RRRRRRR.............RRRRR....RR
RR...............RRR.............RRRRR....RR
RR.~~~~..........RRR.............RRRRR....RR
RR.~~~~..........RRRRRRR...RRR.....RRR....RR
RR.~~~~..........RRRRRRR...RRR.....RRR....RR
RR...............RRRRRRR...RRR.....R......RR
RR...............RRRRRRR...RRR.....R......RR
RRRRRR...RRRRR...RRRRRRR...RRR.....R......RR
RRRRRR...RRRRR...RRRRRRR...RRR.....R......RR
RRRRRR...RRRRR...RRRRRRR...RRR.....R......RR
RRRRRR...RRRRR...RRRRRRR...RRR.....R......RR
RRRRRR...RRRRR.............RRR.....R......RR
RRRRRR...RRRRR.............RRR.....R......RR
RRRRRR...RRRRR.............RRR.....R......RR
RRRRRR...RRRRR.............RRR.....R......RR
RR...........RRRRRRRRRRRRRRR.............RRR
RR...........RRRRRRRRRRRRRRR.............RRR
RR...........RRRRRRRRRRRRRRR.............RRR
RR...........RRRRRRRRRRRRRRR.............RRR
RR...........RRRRRRRRRRRRRRR.............RRR
RR...........RRRRRRRRRRRRRRR.............RRR
RRR...RRRRRRRRRRRRRRRRRRRRRRRRRRRRRRRRRRRRRR
RRR...RRRRRRRRRRRRRRRRRRRRRRRRRRRRRRRRRRRRRR
end

objects:
warp 4 33 to=route3:37,8 face=down
warp 5 33 to=route3:37,8 face=down
warp 40 1 to=gearhollow:3,14 face=down
warp 41 1 to=gearhollow:3,14 face=down
prop 9 27 cart
prop 11 26 crate
prop 12 30 barrel
prop 15 12 lantern_post
prop 2 26 lantern_post
prop 21 8 crate
prop 31 9 crystal
prop 20 12 crystal
prop 11 4 cart
prop 29 30 lantern_post
prop 40 16 crystal
prop 36 25 crystal
prop 34 2 lantern_post
prop 22 4 barrel
prop 24 25 crate
prop 8 26 sign text="COLDFORGE MINES|Ore cart line — keep clear of the rails."
npc 8 14 id=cf_miner_1 sprite=miner face=right move=still trainer=cf_miner_1 sight=4
npc 24 18 id=cf_miner_2 sprite=miner face=down move=still trainer=cf_miner_2 sight=4
npc 15 5 id=cf_engineer sprite=engineer face=right move=still trainer=cf_engineer sight=4
npc 32 20 id=cf_acolyte_1 sprite=acolyte face=down move=still trainer=cf_acolyte_1 sight=4 hide=vesk1_done
npc 35 29 id=cf_acolyte_2 sprite=acolyte_b face=left move=still trainer=cf_acolyte_2 sight=4 hide=vesk1_done
npc 39 18 id=cf_vesk sprite=vesk face=down move=still script=mines.vesk hide=vesk1_done
npc 38 23 id=cf_digger sprite=acolyte face=up move=still text="The scale-iron sings when you strike it... can you hear it? The Mother is waking." hide=vesk1_done
trigger 36 21 script=mines.vesk w=6 h=1 once=vesk1_seen
npc 4 28 id=cf_foreman sprite=miner face=right move=still script=mines.foreman
npc 2 14 id=cf_cindlet sprite=mon:cindlet face=right move=still script=rescue.cindlet show="!var:starter=cindlet" hide=rescued_cindlet
item 21 4 item=td03 qty=1 flag=item_coldforge_mines_21_4
item 26 12 item=homing_thread qty=1 flag=item_coldforge_mines_26_12
item 2 17 item=prime_capsule qty=1 flag=item_coldforge_mines_2_17
item 39 30 item=strong_tonic qty=1 flag=item_coldforge_mines_39_30
item 12 15 item=star_shard qty=1 flag=item_coldforge_mines_12_15 hidden=1
item 41 6 item=rekindle_seed qty=1 flag=item_coldforge_mines_41_6
