id: frostspire_trial
kind: interior
name: Frostspire Trial Hall
floor: ice
wall: ice
music: trial
battle: arena

layout:
WWWWWWWWWWWWWW
WWWwWWWWWWwWWW
..............
..............
......__......
......__......
......__......
......__......
......__......
......__......
......__......
......__......
......__......
......__......
......__......
......__......
......__......
......mm......
end

objects:
furn 1 2 banner
furn 12 2 banner
furn 5 2 statue
furn 8 2 statue
furn 3 6 statue
furn 10 6 statue
furn 3 10 statue
furn 10 10 statue
furn 3 14 statue
furn 10 14 statue
furn 0 16 plant
furn 13 16 plant
npc 4 12 id=fs_adept_1 sprite=skier face=right move=still trainer=fs_adept_1 sight=3
npc 9 8 id=fs_adept_2 sprite=hiker face=left move=still trainer=fs_adept_2 sight=3
npc 4 5 id=fs_adept_3 sprite=skier face=right move=still trainer=fs_adept_3 sight=3
npc 6 3 id=hale sprite=hale face=down move=still script=frostspire_trial.warden
npc 9 15 id=frostspire_trial_guide sprite=ace face=down move=still text="Brr! Warden Hale's Frost Morphs will freeze you solid. Ember, Brawl, Stone and Iron all do the job. Stay warm!"
