id: frostspire_trial
kind: interior
name: Frostspire Trial Hall
floor: ice
wall: ice
music: trial
battle: arena

layout:
WWWWWWWWWWWWWWWWWWW
WWWWWWWWWWWWWWWWWWW
...................
...................
xxxxxxxxxxxxxxx.xxx
xiiirrririiiiiiiirx
xiiririiiiiiiriiiix
xiriiiiiiriiriiiiix
xriiiiiiiiiiiiiirix
xiriiiiiririiiiriix
xiiiirrriiiiiiiirix
xxxx.xxxxxxxxx.xxxx
x.................x
x.................x
xxx.xxxxxxxxxxxxxxx
xiiiiiriiriiiiiirix
xiiiriiiiiiiiiriiix
xririiiiiriiiiiiiix
xiiirriiiiriirriiix
xiiiiiiiiiiiiiriiix
xiiriiiiiiiiririiix
xxxxxxxx...xxxxxxxx
xxxxxxxx...xxxxxxxx
xxxxxxxxmmxxxxxxxxx
end

objects:
npc 9 2 id=hale sprite=hale face=down move=still script=frostspire_trial.warden
npc 7 12 id=fs_adept_1 sprite=skier face=down move=still trainer=fs_adept_1 sight=3 post=1
npc 11 12 id=fs_adept_2 sprite=hiker face=down move=still trainer=fs_adept_2 sight=3 post=1
npc 16 3 id=fs_adept_3 sprite=skier face=left move=still trainer=fs_adept_3 sight=3 post=1
npc 10 22 id=frostspire_trial_guide sprite=ace face=down move=still text="Brr! Hale's hall is solid ice. Once you start sliding, you don't stop till you hit something! Her Frost Morphs hate Ember, Brawl, Stone and Iron."
furn 1 2 statue
furn 17 2 statue
furn 5 2 statue
furn 13 2 statue
