id: gearhollow_trial
kind: interior
name: Gearhollow Trial Hall
floor: lab
wall: white
music: trial
battle: arena
done: sigil_spark

layout:
WWWWWWWWWWWWWWWWWW
WWWWWWWWWWWWWWWWWW
..................
..................
..................
xxxxxxxxxxxxx.xxxx
x.......xx.......x
x................x
x.......xx.......x
x.......xx.......x
xxxx.xxxxxxxx.xxxx
x.......xx.......x
x.......xx.......x
x.......xx.......x
xxxx.xxxxxxxx.xxxx
x................x
x................x
x................x
x................x
xxxxxxxxmmxxxxxxxx
end

objects:
npc 8 2 id=iskra sprite=iskra face=down move=still script=gearhollow_trial.warden
npc 6 12 id=gh_adept_1 sprite=engineer face=left move=still trainer=gh_adept_1 sight=4 post=1
npc 6 7 id=gh_adept_2 sprite=scholar face=left move=still trainer=gh_adept_2 sight=4 post=1
npc 11 7 id=gh_adept_3 sprite=engineer face=right move=still trainer=gh_adept_3 sight=4 post=1
npc 11 17 id=gearhollow_trial_guide sprite=ace face=down move=still text="Hey hey! Iskra wired the whole hall. Step on a switch and every yellow gate swaps with every blue one! Her Morphs are Static — and half are Iron too. Stone Morphs shrug off lightning."
gate 4 14 open=!gh_flip|sigil_spark frame=gate_y openframe=gate_open
gate 13 14 open=gh_flip|sigil_spark frame=gate_b openframe=gate_open
gate 4 10 open=gh_flip|sigil_spark frame=gate_b openframe=gate_open
gate 13 10 open=!gh_flip|sigil_spark frame=gate_y openframe=gate_open
gate 8 7 open=!gh_flip|sigil_spark frame=gate_y openframe=gate_open
gate 9 7 open=!gh_flip|sigil_spark frame=gate_y openframe=gate_open
gate 13 5 open=gh_flip|sigil_spark frame=gate_b openframe=gate_open
trigger 2 12 script=trial.flip flag=gh_flip
plate 2 12 on=gh_flip frame=plate_y onframe=plate_b
trigger 15 12 script=trial.flip flag=gh_flip
plate 15 12 on=gh_flip frame=plate_y onframe=plate_b
trigger 2 7 script=trial.flip flag=gh_flip
plate 2 7 on=gh_flip frame=plate_y onframe=plate_b
trigger 15 7 script=trial.flip flag=gh_flip
plate 15 7 on=gh_flip frame=plate_y onframe=plate_b
furn 1 2 machine
furn 16 2 machine
furn 5 2 statue
furn 11 2 statue
furn 1 17 machine
furn 16 17 machine
warp 6 18 to=gearhollow_trial:8,3 face=up cond=sigil_spark quiet=1
plate 6 18 on=sigil_spark onframe=warden_pad
warp 5 3 to=gearhollow_trial:8,18 face=down cond=sigil_spark quiet=1
plate 5 3 on=sigil_spark onframe=warden_pad
