id: hollowmere_trial
kind: interior
name: Hollowmere Trial Hall
floor: chapel
wall: dark
music: trial
battle: arena
light: dark

layout:
WWWWWWWWWWWWWW
WWWwWWWWWWwWWW
..............
..............
......__......
......__......
......__......
......__......
......__......
......__......
......__......
......__......
......__......
......__......
......__......
......__......
......__......
......mm......
end

objects:
furn 1 2 banner
furn 12 2 banner
furn 5 2 statue
furn 8 2 statue
furn 3 6 crystal
furn 10 6 crystal
furn 3 10 crystal
furn 10 10 crystal
furn 3 14 crystal
furn 10 14 crystal
furn 0 16 plant
furn 13 16 plant
npc 4 12 id=hm_adept_1 sprite=mystic face=right move=still trainer=hm_adept_1 sight=3
npc 9 8 id=hm_adept_2 sprite=scholar face=left move=still trainer=hm_adept_2 sight=3
npc 4 5 id=hm_adept_3 sprite=mystic face=right move=still trainer=hm_adept_3 sight=3
npc 6 3 id=morrow sprite=morrow face=down move=still script=hollowmere_trial.warden
npc 9 15 id=hollowmere_trial_guide sprite=ace face=down move=still text="...Can you see me? Warden Morrow keeps the hall dark. Umbra Morphs fear Brawl fists and bright Swarm wings."
furn 1 8 pot
furn 12 8 pot
furn 1 12 pot
furn 12 12 pot
