id: hollowmere_trial
kind: interior
name: Hollowmere Trial Hall
floor: chapel
wall: dark
music: trial
battle: arena
done: sigil_veil
light: dark

layout:
WWWWWWWWWWWWWWWWWWWW
WWWWWWWWWWWWWWWWWWWW
#######......#######
#####.#......###.###
###...#......##...##
#################.##
####################
####################
#####.##############
##....#########...##
####.###############
#########...########
####################
##.##############.##
##...##########...##
################.###
#######......#######
#######......#######
#######......#######
#########mm#########
end

objects:
npc 10 2 id=morrow sprite=morrow face=down move=still script=hollowmere_trial.warden
npc 16 15 id=hm_adept_1 sprite=mystic face=up move=still trainer=hm_adept_1 sight=3 post=1
npc 4 10 id=hm_adept_2 sprite=scholar face=up move=still trainer=hm_adept_2 sight=3 post=1
npc 16 3 id=hm_adept_3 sprite=mystic face=down move=still trainer=hm_adept_3 sight=3 post=1
npc 12 17 id=hollowmere_trial_guide sprite=ace face=down move=still text="...Can you see me? Morrow keeps the hall dark. Only the warp pads glow — each one sends you to another island. Remember where they go! Umbra Morphs fear Brawl fists and bright Swarm wings."
furn 8 16 pad v=0
warp 8 16 to=hollowmere_trial:4,14 face=down
furn 4 14 pad v=0
warp 4 14 to=hollowmere_trial:8,16 face=down
furn 11 16 pad v=1
warp 11 16 to=hollowmere_trial:15,14 face=down
furn 15 14 pad v=1
warp 15 14 to=hollowmere_trial:11,16 face=down
furn 2 13 pad v=2
warp 2 13 to=hollowmere_trial:9,11 face=down
furn 9 11 pad v=2
warp 9 11 to=hollowmere_trial:2,13 face=down
furn 11 11 pad v=3
warp 11 11 to=hollowmere_trial:15,9 face=down
furn 15 9 pad v=3
warp 15 9 to=hollowmere_trial:11,11 face=down
furn 17 9 pad v=0
warp 17 9 to=hollowmere_trial:10,17 face=down
furn 17 13 pad v=2
warp 17 13 to=hollowmere_trial:3,9 face=down
furn 3 9 pad v=2
warp 3 9 to=hollowmere_trial:17,13 face=down
furn 2 9 pad v=1
warp 2 9 to=hollowmere_trial:10,11 face=down
furn 5 8 pad v=3
warp 5 8 to=hollowmere_trial:3,4 face=down
furn 3 4 pad v=3
warp 3 4 to=hollowmere_trial:5,8 face=down
furn 5 3 pad v=1
warp 5 3 to=hollowmere_trial:15,4 face=down
furn 15 4 pad v=1
warp 15 4 to=hollowmere_trial:5,3 face=down
furn 17 5 pad v=2
warp 17 5 to=hollowmere_trial:8,4 face=down
furn 8 4 pad v=2
warp 8 4 to=hollowmere_trial:17,5 face=down
furn 7 2 crystal
furn 12 2 crystal
furn 7 18 pot
furn 12 18 pot
warp 7 17 to=hollowmere_trial:10,3 face=up cond=sigil_veil quiet=1
plate 7 17 on=sigil_veil onframe=warden_pad
warp 12 3 to=hollowmere_trial:9,18 face=down cond=sigil_veil quiet=1
plate 12 3 on=sigil_veil onframe=warden_pad
