id: riftgate_trial
kind: interior
name: Riftgate Trial Hall
floor: arena
wall: stone
music: trial
battle: arena

layout:
WWWWWWWWWWWWWW
WWWwWWWWWWwWWW
..............
..............
......__......
......__......
......__......
......__......
......__......
......__......
......__......
......__......
......__......
......__......
......__......
......__......
......__......
......mm......
end

objects:
furn 1 2 banner
furn 12 2 banner
furn 5 2 statue
furn 8 2 statue
furn 3 6 pillar
furn 10 6 pillar
furn 3 10 pillar
furn 10 10 pillar
furn 3 14 pillar
furn 10 14 pillar
furn 0 16 plant
furn 13 16 plant
npc 4 12 id=rg_adept_1 sprite=ace face=right move=still trainer=rg_adept_1 sight=3
npc 9 8 id=rg_adept_2 sprite=ace_b face=left move=still trainer=rg_adept_2 sight=3
npc 4 5 id=rg_adept_3 sprite=guard face=right move=still trainer=rg_adept_3 sight=3
npc 6 3 id=seren sprite=seren face=down move=still script=riftgate_trial.warden
npc 9 15 id=riftgate_trial_guide sprite=ace face=down move=still text="This is it — the Wyrm Trial. Drake Morphs shrug off almost everything. Frost is your best weapon. Drake beats Drake, too, if you dare."
