id: saltreach_trial
kind: interior
name: Saltreach Trial Hall
floor: tile
wall: blue
music: trial
battle: arena

layout:
WWWWWWWWWWWWWW
WWWwWWWWWWwWWW
..............
..............
......__......
......__......
......__......
......__......
......__......
......__......
......__......
......__......
......__......
......__......
......__......
......__......
......__......
......mm......
end

objects:
furn 1 2 banner
furn 12 2 banner
furn 5 2 statue
furn 8 2 statue
furn 3 6 barrel
furn 10 6 barrel
furn 3 10 barrel
furn 10 10 barrel
furn 3 14 barrel
furn 10 14 barrel
furn 0 16 plant
furn 13 16 plant
npc 4 12 id=st_adept_1 sprite=sailor face=right move=still trainer=st_adept_1 sight=3
npc 9 8 id=st_adept_2 sprite=fisher face=left move=still trainer=st_adept_2 sight=3
npc 4 5 id=st_adept_3 sprite=sailor face=right move=still trainer=st_adept_3 sight=3
npc 6 3 id=brann sprite=brann face=down move=still script=saltreach_trial.warden
npc 9 15 id=saltreach_trial_guide sprite=ace face=down move=still text="Ahoy! Captain Brann's crew are all Tide type. Nature and Static Morphs make short work of them. Try not to get soaked!"
furn 1 8 crate
furn 12 8 crate
furn 1 12 crate
furn 12 12 crate
