id: saltreach_trial
kind: interior
name: Saltreach Trial Hall
floor: tile
wall: blue
music: trial
battle: arena
done: sigil_tide

layout:
WWWWWWWWWWWWWWWWWW
WWWWWWWWWWWWWWWWWW
pppppp......pppppp
pppppp......pppppp
ppppppppppp844pppp
p...ppppppppp8...p
p...6666666666...p
p...44444ppppp...p
pp2ppppp8pppppp2pp
pp2pppp....pppp2pp
pp2ppp2....662p2pp
pp2ppp2....pp2p2pp
pp2ppp28ppppp2p2pp
p...pp28ppppp6...p
p...6668ppp244...p
p...ppppppp2pp...p
ppp8ppppppp2pp8ppp
ppp8..........8ppp
pppp..........pppp
pppp....mm....pppp
end

objects:
npc 8 2 id=brann sprite=brann face=down move=still script=saltreach_trial.warden
npc 1 14 id=st_adept_1 sprite=sailor face=right move=still trainer=st_adept_1 sight=3 post=1
npc 10 9 id=st_adept_2 sprite=fisher face=left move=still trainer=st_adept_2 sight=3 post=1
npc 16 5 id=st_adept_3 sprite=sailor face=left move=still trainer=st_adept_3 sight=3 post=1
npc 12 17 id=saltreach_trial_guide sprite=ace face=down move=still text="Ahoy! The Captain's pool runs on tides — step onto a current and it carries you. Pick your currents well! His crew are Tide type: Nature and Static Morphs make short work of them."
furn 6 2 barrel
furn 11 2 barrel
furn 4 18 crate
furn 13 18 crate
warp 5 18 to=saltreach_trial:8,3 face=up cond=sigil_tide quiet=1
plate 5 18 on=sigil_tide onframe=warden_pad
warp 11 3 to=saltreach_trial:8,18 face=down cond=sigil_tide quiet=1
plate 11 3 on=sigil_tide onframe=warden_pad
