id: sunken_chapel
kind: interior
name: Sunken Chapel
floor: chapel
wall: dark
music: deepcall
light: dark
battle: chapel

layout:
WWWWWWWWWWWWWWWWWWWWWW
WWWWWWWWWWWWWWWWWWWWWW
......................
......................
..........__..........
..........__..........
..........__..........
..........__..........
..........__..........
..........__..........
..........__..........
..........__..........
##........__..........
..........__..........
..........__..........
..........__..........
..........__..........
..........__..........
..........__..........
..........__..........
..........__..........
..........__..........
..........__..........
..........__..........
..........__..........
..........mm..........
end

objects:
furn 9 2 altar
furn 17 3 stairs_down
warp 17 3 to=abyssal_rift:20,3 face=down cond=wren_freed locked="A cold draught rises from the stairs. The Deepcall are waiting below — free Wren first."
furn 6 6 pillar
furn 15 6 pillar
furn 6 10 pillar
furn 15 10 pillar
furn 6 14 pillar
furn 15 14 pillar
furn 6 18 pillar
furn 15 18 pillar
furn 6 22 pillar
furn 15 22 pillar
furn 2 8 table v=2
furn 17 8 table v=2
furn 2 12 table v=2
furn 17 12 table v=2
furn 2 16 table v=2
furn 17 16 table v=2
furn 2 20 table v=2
furn 17 20 table v=2
furn 0 2 banner
furn 21 2 banner
furn 4 2 crystal
furn 13 2 crystal
npc 9 20 id=sc_acolyte_1 sprite=acolyte face=right move=still trainer=sc_acolyte_1 sight=3
npc 12 17 id=sc_acolyte_2 sprite=acolyte_b face=left move=still trainer=sc_acolyte_2 sight=3
npc 4 14 id=sc_acolyte_3 sprite=acolyte face=down move=still trainer=sc_acolyte_3 sight=4
npc 18 10 id=sc_acolyte_4 sprite=acolyte_b face=left move=still trainer=sc_acolyte_4 sight=4
npc 10 12 id=sc_vesk sprite=vesk face=down move=still script=chapel.vesk trainer=vesk2 sight=4 hide=vesk2_done
npc 11 7 id=sc_maren sprite=maren face=down move=still script=chapel.maren trainer=maren2 sight=3 hide=maren2_done
npc 10 4 id=sc_wren sprite=wren_dark face=down move=still script=chapel.wren hide=wren_freed
item 1 23 item=full_tonic qty=1 flag=item_sunken_chapel_1_23
item 20 23 item=rekindle_seed qty=1 flag=item_sunken_chapel_20_23
