id: sunken_chapel
kind: interior
name: Sunken Chapel
floor: chapel
wall: dark
music: deepcall
light: dark
battle: chapel

layout:
WWWWWWWWWWWWWWWWWWWWWW
WWWWWWWWWWWWWWWWWWWWWW
#p..................p#
#p..................p#
#p..................p#
#pppppppp...ppppppppp#
#ppppppppp.pppppppppp#
#ppppppppp..........p#
#ppppppppp..........p#
#pppppppppppppppp...p#
#pppppppppppppppp...p#
#p.........p........p#
#p..................p#
#p.........p........p#
#p...pppppppppppppppp#
#p...pppppppppppppppp#
#p...pppppppppppppppp#
#p...pppppppppppppppp#
#p...........pppppppp#
#p...........pppppppp#
#p...........pppppppp#
#pppppppp....pppppppp#
#pppppppp....pppppppp#
#pppppppp....pppppppp#
#pppppppp....pppppppp#
#pppppppppmmppppppppp#
end

objects:
furn 9 2 altar
furn 17 3 stairs_down
warp 17 3 to=abyssal_rift:20,3 face=down cond=wren_freed locked="A cold draught rises from the stairs. The Deepcall are waiting below — free Wren first."
furn 2 2 banner
furn 19 2 banner
furn 4 2 crystal
furn 14 2 crystal
furn 5 4 pillar
furn 14 4 pillar
furn 12 24 pillar
furn 9 24 pillar
npc 7 18 id=sc_acolyte_1 sprite=acolyte face=down move=still trainer=sc_acolyte_1 sight=4
npc 2 15 id=sc_acolyte_3 sprite=acolyte face=right move=still trainer=sc_acolyte_3 sight=4
npc 11 12 id=sc_vesk sprite=vesk face=left move=still script=chapel.vesk trainer=vesk2 sight=4 hide=vesk2_done
npc 15 11 id=sc_acolyte_2 sprite=acolyte_b face=down move=still trainer=sc_acolyte_2 sight=4
npc 19 9 id=sc_acolyte_4 sprite=acolyte_b face=left move=still trainer=sc_acolyte_4 sight=4
npc 10 6 id=sc_maren sprite=maren face=down move=still script=chapel.maren trainer=maren2 sight=4 hide=maren2_done
npc 10 4 id=sc_wren sprite=wren_dark face=down move=still script=chapel.wren hide=wren_freed
item 2 20 item=full_tonic qty=1 flag=item_sunken_chapel_2_20
item 19 13 item=rekindle_seed qty=1 flag=item_sunken_chapel_19_13
